node : Γ¥î Error seeding orders batch 0: invalid input value for enum 
enum_orders_status: "Paid"
At line:1 char:30
+ $env:SEED_MODE="production"; node reset_db.js 2> error_log.txt
+                              ~~~~~~~~~~~~~~~~~~~~~~~~~~~~~~~~~
    + CategoryInfo          : NotSpecified: (Γ¥î Error seedi..._status: " 
   Paid":String) [], RemoteException
    + FullyQualifiedErrorId : NativeCommandError
 
Γ¥î Error resetting and seeding database: Error
    at Query.run (C:\Apex IT Solutions\apex dashboard\admin-spotify\backen
d\node_modules\sequelize\lib\dialects\postgres\query.js:50:25)
    at C:\Apex IT Solutions\apex dashboard\admin-spotify\backend\node_modu
les\sequelize\lib\sequelize.js:315:28
    at process.processTicksAndRejections 
(node:internal/process/task_queues:105:5)
    at async PostgresQueryInterface.bulkInsert (C:\Apex IT Solutions\apex 
dashboard\admin-spotify\backend\node_modules\sequelize\lib\dialects\abstra
ct\query-interface.js:346:21)
    at async recursiveBulkCreate (C:\Apex IT Solutions\apex dashboard\admi
n-spotify\backend\node_modules\sequelize\lib\model.js:1697:25)
    at async Order.bulkCreate (C:\Apex IT Solutions\apex dashboard\admin-s
potify\backend\node_modules\sequelize\lib\model.js:1786:12)
    at async resetAndSeedDatabase (C:\Apex IT Solutions\apex 
dashboard\admin-spotify\backend\reset_db.js:243:21) {
  name: 'SequelizeDatabaseError',
  parent: error: invalid input value for enum enum_orders_status: "Paid"
      at Parser.parseErrorMessage (C:\Apex IT Solutions\apex dashboard\adm
in-spotify\backend\node_modules\pg-protocol\dist\parser.js:285:98)
      at Parser.handlePacket (C:\Apex IT Solutions\apex dashboard\admin-sp
otify\backend\node_modules\pg-protocol\dist\parser.js:122:29)
      at Parser.parse (C:\Apex IT Solutions\apex dashboard\admin-spotify\b
ackend\node_modules\pg-protocol\dist\parser.js:35:38)
      at TLSSocket.<anonymous> (C:\Apex IT Solutions\apex dashboard\admin-
spotify\backend\node_modules\pg-protocol\dist\index.js:11:42)
      at TLSSocket.emit (node:events:518:28)
      at addChunk (node:internal/streams/readable:561:12)
      at readableAddChunkPushByteMode 
(node:internal/streams/readable:512:3)
      at Readable.push (node:internal/streams/readable:392:5)
      at TLSWrap.onStreamRead (node:internal/stream_base_commons:189:23) {
    length: 111,
    severity: 'ERROR',
    code: '22P02',
    detail: undefined,
    hint: undefined,
    position: '2234',
    internalPosition: undefined,
    internalQuery: undefined,
    where: undefined,
    schema: undefined,
    table: undefined,
    column: undefined,
    dataType: undefined,
    constraint: undefined,
    file: 'enum.c',
    line: '129',
    routine: 'enum_in',
    sql: `INSERT INTO "orders" ("id","storeId","customerId","orderNumber",
"productName","customerName","email","phone","quantity","status","isPaid",
"total","notes","submittedBy","timeline","items","shippingAddress","paymen
tStatus","paymentMethod","createdAt","updatedAt") VALUES ('fa924748-ee0a-4
023-823c-359ad3cde918','5dc5e6ec-be71-4252-8887-b4a97a724e85','6966021d-71
c7-481b-a628-4594f39cf5ae','DM-20250809-000001','Demo Product 4 3','Eesa R
ashid','eesa.rashid109@gmail.com','+92-91-1301867',3,'Refunded',true,9951,
'','97974244-3b64-4b3f-ace0-6d0917ab57c3','[{"id":"85af3239-c607-488c-bf9a
-493abcf18628","description":"Order 
created","timestamp":"2025-08-09T13:28:34.480Z","actor":"Eesa Rashid"},{"i
d":"02387adb-4675-42c0-996c-9a143ba3dc07","description":"Payment 
received","timestamp":"2025-08-10T13:28:34.480Z","actor":"Store 
Admin"}]','[{"productName":"Demo Product 4 
3","quantity":3,"price":3317,"total":9951}]','{"name":"Eesa 
Rashid","phone":"+92-91-1301867","address":"436 North Nazimabad Road, 
Karachi, 45514, Pakistan","city":"Karachi","postalCode":"00000"}','paid','
Card','2025-08-09 13:28:34.480 +00:00','2025-08-09 13:28:34.480 +00:00'),(
'6e81834b-a354-4983-b605-48b732380e1b','5dc5e6ec-be71-4252-8887-b4a97a724e
85','41efd9ce-bc42-4c23-ab4f-0b8b367ad3d7','DM-20250821-000002','Demo 
Product 4 1','Tariq Ahmed','tariq.ahmed498@gmail.com','+92-41-7520008',5,'
Refunded',true,19160,'','97974244-3b64-4b3f-ace0-6d0917ab57c3','[{"id":"9e
52415c-8765-4f87-8750-020a1531c4bd","description":"Order 
created","timestamp":"2025-08-21T19:50:51.583Z","actor":"Tariq Ahmed"},{"i
d":"f354e43d-106e-41c8-b3c8-44e52b3e6f11","description":"Payment 
received","timestamp":"2025-08-22T19:50:51.583Z","actor":"Store 
Admin"}]','[{"productName":"Demo Product 4 
1","quantity":5,"price":3832,"total":19160}]','{"name":"Tariq 
Ahmed","phone":"+92-41-7520008","address":"413 Korangi Main Boulevard, 
Karachi, 89880, Pakistan","city":"Karachi","postalCode":"00000"}','paid','
Card','2025-08-21 19:50:51.583 +00:00','2025-08-21 19:50:51.583 +00:00'),(
'c9c2d812-b005-4843-9ff3-abe2a494f0ff','5dc5e6ec-be71-4252-8887-b4a97a724e
85','8177559c-6ccd-49f0-a1ef-e6abe047e017','DM-20250925-000003','Demo 
Product 5 3','Haris Umar','haris.umar776@gmail.com','+92-81-3031740',5,'Pa
id',true,29715,'','97974244-3b64-4b3f-ace0-6d0917ab57c3','[{"id":"2cf5514a
-89a3-4bc1-8fe3-6719033a40a8","description":"Order 
created","timestamp":"2025-09-25T02:38:55.858Z","actor":"Haris Umar"},{"id
":"255eb618-b1c7-41b4-83ca-b16dc912b93f","description":"Payment 
received","timestamp":"2025-09-25T02:38:55.858Z","actor":"Store 
Admin"}]','[{"productName":"Demo Product 5 
3","quantity":5,"price":5943,"total":29715}]','{"name":"Haris 
Umar","phone":"+92-81-3031740","address":"495 North Nazimabad Avenue, 
Karachi, 37009, Pakistan","city":"Karachi","postalCode":"00000"}','paid','
Card','2025-09-25 02:38:55.858 +00:00','2025-09-25 02:38:55.858 +00:00'),(
'24cdfd4a-b083-4861-aadb-75259ab789e9','5dc5e6ec-be71-4252-8887-b4a97a724e
85','99041cbb-416e-4d8d-9dcc-37dfd05f1cc8','DM-20250828-000004','Demo 
Product 4 5','Noor Hashmi','noor.hashmi456@gmail.com','+92-91-8248111',5,'
Cancelled',false,18160,'','97974244-3b64-4b3f-ace0-6d0917ab57c3','[{"id":"
33fa5253-926b-4799-aec9-ccb7db9f1275","description":"Order 
created","timestamp":"2025-08-28T12:23:42.469Z","actor":"Noor Hashmi"},{"i
d":"4e5635ab-847b-463c-b5ed-4f229b76a776","description":"Payment 
received","timestamp":"2025-08-28T12:23:42.469Z","actor":"Store 
Admin"}]','[{"productName":"Demo Product 4 
5","quantity":5,"price":3632,"total":18160}]','{"name":"Noor 
Hashmi","phone":"+92-91-8248111","address":"301 Korangi Avenue, Karachi, 
89477, Pakistan","city":"Karachi","postalCode":"00000"}','refunded','Card'
,'2025-08-28 12:23:42.469 +00:00','2025-08-28 12:23:42.469 +00:00'),('e134
8528-ec8b-4c84-993c-3546d721acfa','5dc5e6ec-be71-4252-8887-b4a97a724e85','
2a16da12-6712-4785-a64e-d9c6972e60c0','DM-20250924-000005','Demo Product 
5 2','Noor Naqvi','noor.naqvi246@gmail.com','+92-61-7413341',3,'Refunded',
true,17295,'','97974244-3b64-4b3f-ace0-6d0917ab57c3','[{"id":"4b3c844f-1d2
8-4b31-9c7e-629d826b66fb","description":"Order 
created","timestamp":"2025-09-24T04:46:03.792Z","actor":"Noor Naqvi"},{"id
":"ac17b848-82ff-49a1-ab03-8d5ea3b6b51b","description":"Payment 
received","timestamp":"2025-09-25T04:46:03.792Z","actor":"Store 
Admin"}]','[{"productName":"Demo Product 5 
2","quantity":3,"price":5765,"total":17295}]','{"name":"Noor 
Naqvi","phone":"+92-61-7413341","address":"349 PECHS Main Boulevard, 
Karachi, 89523, Pakistan","city":"Karachi","postalCode":"00000"}','paid','
Card','2025-09-24 04:46:03.792 +00:00','2025-09-24 04:46:03.792 +00:00'),(
'11d59698-0911-41a8-944e-c580fc059fb2','5dc5e6ec-be71-4252-8887-b4a97a724e
85','3523c2da-a464-4e9a-a146-cb3c880483b2','DM-20251214-000006','Demo 
Product 1 6','Ayesha Zaidi','ayesha.zaidi898@gmail.com','+92-61-3517059',4
,'Refunded',true,9532,'','97974244-3b64-4b3f-ace0-6d0917ab57c3','[{"id":"7
05c5761-008b-412c-a106-ba0e4ac4f7b2","description":"Order 
created","timestamp":"2025-12-14T14:18:11.944Z","actor":"Ayesha Zaidi"},{"
id":"e4783cb9-0ff4-44f3-8a4a-e97bbd4f964c","description":"Payment 
received","timestamp":"2025-12-14T14:18:11.944Z","actor":"Store 
Admin"}]','[{"productName":"Demo Product 1 
6","quantity":4,"price":2383,"total":9532}]','{"name":"Ayesha 
Zaidi","phone":"+92-61-3517059","address":"415 Gulshan-e-Iqbal Block, 
Karachi, 21632, Pakistan","city":"Karachi","postalCode":"00000"}','paid','
Card','2025-12-14 14:18:11.944 +00:00','2025-12-14 14:18:11.944 +00:00'),(
'df7eedc0-ee57-4885-bf19-aa0d4622a150','5dc5e6ec-be71-4252-8887-b4a97a724e
85','4e6b3c13-ed51-4718-88af-a6ba8c7d222f','DM-20251009-000007','Demo 
Product 1 7','Fahad Shah','fahad.shah525@gmail.com','+92-21-4718866',4,'Pe
nding',false,10800,'','97974244-3b64-4b3f-ace0-6d0917ab57c3','[{"id":"ea3d
b5da-44e0-4b03-b3c1-3e8cbf5cf2d8","description":"Order 
created","timestamp":"2025-10-09T13:44:31.788Z","actor":"Fahad 
Shah"}]','[{"productName":"Demo Product 1 
7","quantity":4,"price":2700,"total":10800}]','{"name":"Fahad 
Shah","phone":"+92-21-4718866","address":"938 Malir Avenue, Karachi, 
36859, Pakistan","city":"Karachi","postalCode":"00000"}','pending','Card',
'2025-10-09 13:44:31.788 +00:00','2025-10-09 13:44:31.788 +00:00'),('4d002
8e1-6b2f-4dd1-a5b8-f9eda7b27b19','5dc5e6ec-be71-4252-8887-b4a97a724e85','2
c1ac9b8-0113-475e-8d2f-5759b7ad36eb','DM-20251204-000008','Demo Product 5 
4','Zara Ansari','zara.ansari76@gmail.com','+92-52-7466271',3,'Accepted',t
rue,17556,'','97974244-3b64-4b3f-ace0-6d0917ab57c3','[{"id":"28b50e62-3ba9
-4883-9ac5-8b0cceb36104","description":"Order 
created","timestamp":"2025-12-04T09:22:57.377Z","actor":"Zara Ansari"},{"i
d":"a4959bc6-f8ae-4601-a372-59d1dde3f4c1","description":"Payment 
received","timestamp":"2025-12-05T09:22:57.377Z","actor":"Store 
Admin"}]','[{"productName":"Demo Product 5 
4","quantity":3,"price":5852,"total":17556}]','{"name":"Zara 
Ansari","phone":"+92-52-7466271","address":"377 North Nazimabad Main 
Boulevard, Karachi, 50638, Pakistan","city":"Karachi","postalCode":"00000"
}','paid','Card','2025-12-04 09:22:57.377 +00:00','2025-12-04 
09:22:57.377 +00:00'),('ebfb9a9e-4ec5-4f1d-8ccc-0c51c4466b67','5dc5e6ec-be
71-4252-8887-b4a97a724e85','c6c29970-0666-431d-bf90-829e0129d74c','DM-2025
0707-000009','Demo Product 2 9','Hadi Rizvi','hadi.rizvi272@gmail.com','+9
2-91-3365355',2,'Accepted',true,9312,'Customer requested special packaging
','97974244-3b64-4b3f-ace0-6d0917ab57c3','[{"id":"543fc93f-f63a-44b6-9671-
43dbbf72801e","description":"Order 
created","timestamp":"2025-07-07T06:49:49.995Z","actor":"Hadi Rizvi"},{"id
":"9c30a8c0-66e0-4a71-911a-e01600feef76","description":"Payment 
received","timestamp":"2025-07-08T06:49:49.995Z","actor":"Store 
Admin"}]','[{"productName":"Demo Product 2 
9","quantity":2,"price":4656,"total":9312}]','{"name":"Hadi 
Rizvi","phone":"+92-91-3365355","address":"138 Gulshan-e-Iqbal Avenue, 
Karachi, 30718, Pakistan","city":"Karachi","postalCode":"00000"}','paid','
Card','2025-07-07 06:49:49.995 +00:00','2025-07-07 06:49:49.995 +00:00'),(
'690b3c5f-1b56-4d1c-bb82-20f1449e8dd3','5dc5e6ec-be71-4252-8887-b4a97a724e
85','77d52c1e-2524-4cc3-be7e-5c11507878bf','DM-20250312-000010','Demo 
Product 4 7','Fahad Ansari','fahad.ansari732@gmail.com','+92-91-3733110',3
,'Paid',true,9855,'','97974244-3b64-4b3f-ace0-6d0917ab57c3','[{"id":"2f5cb
b71-8024-484e-af3a-ea3f9364b80d","description":"Order 
created","timestamp":"2025-03-12T22:19:54.058Z","actor":"Fahad Ansari"},{"
id":"9311b340-833e-4fa2-99d8-9bf05863d80f","description":"Payment 
received","timestamp":"2025-03-12T22:19:54.058Z","actor":"Store 
Admin"}]','[{"productName":"Demo Product 4 
7","quantity":3,"price":3285,"total":9855}]','{"name":"Fahad 
Ansari","phone":"+92-91-3733110","address":"303 Gulshan-e-Iqbal Block, 
Karachi, 95173, Pakistan","city":"Karachi","postalCode":"00000"}','paid','
Card','2025-03-12 22:19:54.058 +00:00','2025-03-12 22:19:54.058 +00:00'),(
'629dc581-9ea0-4bd2-8979-959fcc617a10','5dc5e6ec-be71-4252-8887-b4a97a724e
85','c9c7e100-ccae-4caa-a320-6d1047073100','DM-20251204-000011','Demo 
Product 2 8','Waseem Rizvi','waseem.rizvi141@gmail.com','+92-81-3221163',4
,'Paid',true,18528,'','97974244-3b64-4b3f-ace0-6d0917ab57c3','[{"id":"bc06
32ab-0de4-4e6c-a2e8-c67004e0046f","description":"Order 
created","timestamp":"2025-12-04T15:33:13.763Z","actor":"Waseem Rizvi"},{"
id":"83ed9240-a475-4a6f-9151-bc43ca5f056b","description":"Payment 
received","timestamp":"2025-12-04T15:33:13.763Z","actor":"Store 
Admin"}]','[{"productName":"Demo Product 2 
8","quantity":4,"price":4632,"total":18528}]','{"name":"Waseem 
Rizvi","phone":"+92-81-3221163","address":"436 Clifton Lane, Karachi, 
50453, Pakistan","city":"Karachi","postalCode":"00000"}','paid','Card','20
25-12-04 15:33:13.763 +00:00','2025-12-04 15:33:13.763 +00:00'),('334b406d
-281b-48fd-a42b-99adaa737a53','5dc5e6ec-be71-4252-8887-b4a97a724e85','ef4f
c6b6-0d21-44b7-8378-1f899310e9ca','DM-20250805-000012','Demo Product 5 
8','Yusuf Waseem','yusuf.waseem482@gmail.com','+92-81-7185385',4,'Shipped'
,true,20292,`... 37250 more characters,
    parameters: undefined
  },
  original: error: invalid input value for enum enum_orders_status: "Paid"
      at Parser.parseErrorMessage (C:\Apex IT Solutions\apex dashboard\adm
in-spotify\backend\node_modules\pg-protocol\dist\parser.js:285:98)
      at Parser.handlePacket (C:\Apex IT Solutions\apex dashboard\admin-sp
otify\backend\node_modules\pg-protocol\dist\parser.js:122:29)
      at Parser.parse (C:\Apex IT Solutions\apex dashboard\admin-spotify\b
ackend\node_modules\pg-protocol\dist\parser.js:35:38)
      at TLSSocket.<anonymous> (C:\Apex IT Solutions\apex dashboard\admin-
spotify\backend\node_modules\pg-protocol\dist\index.js:11:42)
      at TLSSocket.emit (node:events:518:28)
      at addChunk (node:internal/streams/readable:561:12)
      at readableAddChunkPushByteMode 
(node:internal/streams/readable:512:3)
      at Readable.push (node:internal/streams/readable:392:5)
      at TLSWrap.onStreamRead (node:internal/stream_base_commons:189:23) {
    length: 111,
    severity: 'ERROR',
    code: '22P02',
    detail: undefined,
    hint: undefined,
    position: '2234',
    internalPosition: undefined,
    internalQuery: undefined,
    where: undefined,
    schema: undefined,
    table: undefined,
    column: undefined,
    dataType: undefined,
    constraint: undefined,
    file: 'enum.c',
    line: '129',
    routine: 'enum_in',
    sql: `INSERT INTO "orders" ("id","storeId","customerId","orderNumber",
"productName","customerName","email","phone","quantity","status","isPaid",
"total","notes","submittedBy","timeline","items","shippingAddress","paymen
tStatus","paymentMethod","createdAt","updatedAt") VALUES ('fa924748-ee0a-4
023-823c-359ad3cde918','5dc5e6ec-be71-4252-8887-b4a97a724e85','6966021d-71
c7-481b-a628-4594f39cf5ae','DM-20250809-000001','Demo Product 4 3','Eesa R
ashid','eesa.rashid109@gmail.com','+92-91-1301867',3,'Refunded',true,9951,
'','97974244-3b64-4b3f-ace0-6d0917ab57c3','[{"id":"85af3239-c607-488c-bf9a
-493abcf18628","description":"Order 
created","timestamp":"2025-08-09T13:28:34.480Z","actor":"Eesa Rashid"},{"i
d":"02387adb-4675-42c0-996c-9a143ba3dc07","description":"Payment 
received","timestamp":"2025-08-10T13:28:34.480Z","actor":"Store 
Admin"}]','[{"productName":"Demo Product 4 
3","quantity":3,"price":3317,"total":9951}]','{"name":"Eesa 
Rashid","phone":"+92-91-1301867","address":"436 North Nazimabad Road, 
Karachi, 45514, Pakistan","city":"Karachi","postalCode":"00000"}','paid','
Card','2025-08-09 13:28:34.480 +00:00','2025-08-09 13:28:34.480 +00:00'),(
'6e81834b-a354-4983-b605-48b732380e1b','5dc5e6ec-be71-4252-8887-b4a97a724e
85','41efd9ce-bc42-4c23-ab4f-0b8b367ad3d7','DM-20250821-000002','Demo 
Product 4 1','Tariq Ahmed','tariq.ahmed498@gmail.com','+92-41-7520008',5,'
Refunded',true,19160,'','97974244-3b64-4b3f-ace0-6d0917ab57c3','[{"id":"9e
52415c-8765-4f87-8750-020a1531c4bd","description":"Order 
created","timestamp":"2025-08-21T19:50:51.583Z","actor":"Tariq Ahmed"},{"i
d":"f354e43d-106e-41c8-b3c8-44e52b3e6f11","description":"Payment 
received","timestamp":"2025-08-22T19:50:51.583Z","actor":"Store 
Admin"}]','[{"productName":"Demo Product 4 
1","quantity":5,"price":3832,"total":19160}]','{"name":"Tariq 
Ahmed","phone":"+92-41-7520008","address":"413 Korangi Main Boulevard, 
Karachi, 89880, Pakistan","city":"Karachi","postalCode":"00000"}','paid','
Card','2025-08-21 19:50:51.583 +00:00','2025-08-21 19:50:51.583 +00:00'),(
'c9c2d812-b005-4843-9ff3-abe2a494f0ff','5dc5e6ec-be71-4252-8887-b4a97a724e
85','8177559c-6ccd-49f0-a1ef-e6abe047e017','DM-20250925-000003','Demo 
Product 5 3','Haris Umar','haris.umar776@gmail.com','+92-81-3031740',5,'Pa
id',true,29715,'','97974244-3b64-4b3f-ace0-6d0917ab57c3','[{"id":"2cf5514a
-89a3-4bc1-8fe3-6719033a40a8","description":"Order 
created","timestamp":"2025-09-25T02:38:55.858Z","actor":"Haris Umar"},{"id
":"255eb618-b1c7-41b4-83ca-b16dc912b93f","description":"Payment 
received","timestamp":"2025-09-25T02:38:55.858Z","actor":"Store 
Admin"}]','[{"productName":"Demo Product 5 
3","quantity":5,"price":5943,"total":29715}]','{"name":"Haris 
Umar","phone":"+92-81-3031740","address":"495 North Nazimabad Avenue, 
Karachi, 37009, Pakistan","city":"Karachi","postalCode":"00000"}','paid','
Card','2025-09-25 02:38:55.858 +00:00','2025-09-25 02:38:55.858 +00:00'),(
'24cdfd4a-b083-4861-aadb-75259ab789e9','5dc5e6ec-be71-4252-8887-b4a97a724e
85','99041cbb-416e-4d8d-9dcc-37dfd05f1cc8','DM-20250828-000004','Demo 
Product 4 5','Noor Hashmi','noor.hashmi456@gmail.com','+92-91-8248111',5,'
Cancelled',false,18160,'','97974244-3b64-4b3f-ace0-6d0917ab57c3','[{"id":"
33fa5253-926b-4799-aec9-ccb7db9f1275","description":"Order 
created","timestamp":"2025-08-28T12:23:42.469Z","actor":"Noor Hashmi"},{"i
d":"4e5635ab-847b-463c-b5ed-4f229b76a776","description":"Payment 
received","timestamp":"2025-08-28T12:23:42.469Z","actor":"Store 
Admin"}]','[{"productName":"Demo Product 4 
5","quantity":5,"price":3632,"total":18160}]','{"name":"Noor 
Hashmi","phone":"+92-91-8248111","address":"301 Korangi Avenue, Karachi, 
89477, Pakistan","city":"Karachi","postalCode":"00000"}','refunded','Card'
,'2025-08-28 12:23:42.469 +00:00','2025-08-28 12:23:42.469 +00:00'),('e134
8528-ec8b-4c84-993c-3546d721acfa','5dc5e6ec-be71-4252-8887-b4a97a724e85','
2a16da12-6712-4785-a64e-d9c6972e60c0','DM-20250924-000005','Demo Product 
5 2','Noor Naqvi','noor.naqvi246@gmail.com','+92-61-7413341',3,'Refunded',
true,17295,'','97974244-3b64-4b3f-ace0-6d0917ab57c3','[{"id":"4b3c844f-1d2
8-4b31-9c7e-629d826b66fb","description":"Order 
created","timestamp":"2025-09-24T04:46:03.792Z","actor":"Noor Naqvi"},{"id
":"ac17b848-82ff-49a1-ab03-8d5ea3b6b51b","description":"Payment 
received","timestamp":"2025-09-25T04:46:03.792Z","actor":"Store 
Admin"}]','[{"productName":"Demo Product 5 
2","quantity":3,"price":5765,"total":17295}]','{"name":"Noor 
Naqvi","phone":"+92-61-7413341","address":"349 PECHS Main Boulevard, 
Karachi, 89523, Pakistan","city":"Karachi","postalCode":"00000"}','paid','
Card','2025-09-24 04:46:03.792 +00:00','2025-09-24 04:46:03.792 +00:00'),(
'11d59698-0911-41a8-944e-c580fc059fb2','5dc5e6ec-be71-4252-8887-b4a97a724e
85','3523c2da-a464-4e9a-a146-cb3c880483b2','DM-20251214-000006','Demo 
Product 1 6','Ayesha Zaidi','ayesha.zaidi898@gmail.com','+92-61-3517059',4
,'Refunded',true,9532,'','97974244-3b64-4b3f-ace0-6d0917ab57c3','[{"id":"7
05c5761-008b-412c-a106-ba0e4ac4f7b2","description":"Order 
created","timestamp":"2025-12-14T14:18:11.944Z","actor":"Ayesha Zaidi"},{"
id":"e4783cb9-0ff4-44f3-8a4a-e97bbd4f964c","description":"Payment 
received","timestamp":"2025-12-14T14:18:11.944Z","actor":"Store 
Admin"}]','[{"productName":"Demo Product 1 
6","quantity":4,"price":2383,"total":9532}]','{"name":"Ayesha 
Zaidi","phone":"+92-61-3517059","address":"415 Gulshan-e-Iqbal Block, 
Karachi, 21632, Pakistan","city":"Karachi","postalCode":"00000"}','paid','
Card','2025-12-14 14:18:11.944 +00:00','2025-12-14 14:18:11.944 +00:00'),(
'df7eedc0-ee57-4885-bf19-aa0d4622a150','5dc5e6ec-be71-4252-8887-b4a97a724e
85','4e6b3c13-ed51-4718-88af-a6ba8c7d222f','DM-20251009-000007','Demo 
Product 1 7','Fahad Shah','fahad.shah525@gmail.com','+92-21-4718866',4,'Pe
nding',false,10800,'','97974244-3b64-4b3f-ace0-6d0917ab57c3','[{"id":"ea3d
b5da-44e0-4b03-b3c1-3e8cbf5cf2d8","description":"Order 
created","timestamp":"2025-10-09T13:44:31.788Z","actor":"Fahad 
Shah"}]','[{"productName":"Demo Product 1 
7","quantity":4,"price":2700,"total":10800}]','{"name":"Fahad 
Shah","phone":"+92-21-4718866","address":"938 Malir Avenue, Karachi, 
36859, Pakistan","city":"Karachi","postalCode":"00000"}','pending','Card',
'2025-10-09 13:44:31.788 +00:00','2025-10-09 13:44:31.788 +00:00'),('4d002
8e1-6b2f-4dd1-a5b8-f9eda7b27b19','5dc5e6ec-be71-4252-8887-b4a97a724e85','2
c1ac9b8-0113-475e-8d2f-5759b7ad36eb','DM-20251204-000008','Demo Product 5 
4','Zara Ansari','zara.ansari76@gmail.com','+92-52-7466271',3,'Accepted',t
rue,17556,'','97974244-3b64-4b3f-ace0-6d0917ab57c3','[{"id":"28b50e62-3ba9
-4883-9ac5-8b0cceb36104","description":"Order 
created","timestamp":"2025-12-04T09:22:57.377Z","actor":"Zara Ansari"},{"i
d":"a4959bc6-f8ae-4601-a372-59d1dde3f4c1","description":"Payment 
received","timestamp":"2025-12-05T09:22:57.377Z","actor":"Store 
Admin"}]','[{"productName":"Demo Product 5 
4","quantity":3,"price":5852,"total":17556}]','{"name":"Zara 
Ansari","phone":"+92-52-7466271","address":"377 North Nazimabad Main 
Boulevard, Karachi, 50638, Pakistan","city":"Karachi","postalCode":"00000"
}','paid','Card','2025-12-04 09:22:57.377 +00:00','2025-12-04 
09:22:57.377 +00:00'),('ebfb9a9e-4ec5-4f1d-8ccc-0c51c4466b67','5dc5e6ec-be
71-4252-8887-b4a97a724e85','c6c29970-0666-431d-bf90-829e0129d74c','DM-2025
0707-000009','Demo Product 2 9','Hadi Rizvi','hadi.rizvi272@gmail.com','+9
2-91-3365355',2,'Accepted',true,9312,'Customer requested special packaging
','97974244-3b64-4b3f-ace0-6d0917ab57c3','[{"id":"543fc93f-f63a-44b6-9671-
43dbbf72801e","description":"Order 
created","timestamp":"2025-07-07T06:49:49.995Z","actor":"Hadi Rizvi"},{"id
":"9c30a8c0-66e0-4a71-911a-e01600feef76","description":"Payment 
received","timestamp":"2025-07-08T06:49:49.995Z","actor":"Store 
Admin"}]','[{"productName":"Demo Product 2 
9","quantity":2,"price":4656,"total":9312}]','{"name":"Hadi 
Rizvi","phone":"+92-91-3365355","address":"138 Gulshan-e-Iqbal Avenue, 
Karachi, 30718, Pakistan","city":"Karachi","postalCode":"00000"}','paid','
Card','2025-07-07 06:49:49.995 +00:00','2025-07-07 06:49:49.995 +00:00'),(
'690b3c5f-1b56-4d1c-bb82-20f1449e8dd3','5dc5e6ec-be71-4252-8887-b4a97a724e
85','77d52c1e-2524-4cc3-be7e-5c11507878bf','DM-20250312-000010','Demo 
Product 4 7','Fahad Ansari','fahad.ansari732@gmail.com','+92-91-3733110',3
,'Paid',true,9855,'','97974244-3b64-4b3f-ace0-6d0917ab57c3','[{"id":"2f5cb
b71-8024-484e-af3a-ea3f9364b80d","description":"Order 
created","timestamp":"2025-03-12T22:19:54.058Z","actor":"Fahad Ansari"},{"
id":"9311b340-833e-4fa2-99d8-9bf05863d80f","description":"Payment 
received","timestamp":"2025-03-12T22:19:54.058Z","actor":"Store 
Admin"}]','[{"productName":"Demo Product 4 
7","quantity":3,"price":3285,"total":9855}]','{"name":"Fahad 
Ansari","phone":"+92-91-3733110","address":"303 Gulshan-e-Iqbal Block, 
Karachi, 95173, Pakistan","city":"Karachi","postalCode":"00000"}','paid','
Card','2025-03-12 22:19:54.058 +00:00','2025-03-12 22:19:54.058 +00:00'),(
'629dc581-9ea0-4bd2-8979-959fcc617a10','5dc5e6ec-be71-4252-8887-b4a97a724e
85','c9c7e100-ccae-4caa-a320-6d1047073100','DM-20251204-000011','Demo 
Product 2 8','Waseem Rizvi','waseem.rizvi141@gmail.com','+92-81-3221163',4
,'Paid',true,18528,'','97974244-3b64-4b3f-ace0-6d0917ab57c3','[{"id":"bc06
32ab-0de4-4e6c-a2e8-c67004e0046f","description":"Order 
created","timestamp":"2025-12-04T15:33:13.763Z","actor":"Waseem Rizvi"},{"
id":"83ed9240-a475-4a6f-9151-bc43ca5f056b","description":"Payment 
received","timestamp":"2025-12-04T15:33:13.763Z","actor":"Store 
Admin"}]','[{"productName":"Demo Product 2 
8","quantity":4,"price":4632,"total":18528}]','{"name":"Waseem 
Rizvi","phone":"+92-81-3221163","address":"436 Clifton Lane, Karachi, 
50453, Pakistan","city":"Karachi","postalCode":"00000"}','paid','Card','20
25-12-04 15:33:13.763 +00:00','2025-12-04 15:33:13.763 +00:00'),('334b406d
-281b-48fd-a42b-99adaa737a53','5dc5e6ec-be71-4252-8887-b4a97a724e85','ef4f
c6b6-0d21-44b7-8378-1f899310e9ca','DM-20250805-000012','Demo Product 5 
8','Yusuf Waseem','yusuf.waseem482@gmail.com','+92-81-7185385',4,'Shipped'
,true,20292,`... 37250 more characters,
    parameters: undefined
  },
  sql: `INSERT INTO "orders" ("id","storeId","customerId","orderNumber","p
roductName","customerName","email","phone","quantity","status","isPaid","t
otal","notes","submittedBy","timeline","items","shippingAddress","paymentS
tatus","paymentMethod","createdAt","updatedAt") VALUES ('fa924748-ee0a-402
3-823c-359ad3cde918','5dc5e6ec-be71-4252-8887-b4a97a724e85','6966021d-71c7
-481b-a628-4594f39cf5ae','DM-20250809-000001','Demo Product 4 3','Eesa Ras
hid','eesa.rashid109@gmail.com','+92-91-1301867',3,'Refunded',true,9951,''
,'97974244-3b64-4b3f-ace0-6d0917ab57c3','[{"id":"85af3239-c607-488c-bf9a-4
93abcf18628","description":"Order 
created","timestamp":"2025-08-09T13:28:34.480Z","actor":"Eesa Rashid"},{"i
d":"02387adb-4675-42c0-996c-9a143ba3dc07","description":"Payment 
received","timestamp":"2025-08-10T13:28:34.480Z","actor":"Store 
Admin"}]','[{"productName":"Demo Product 4 
3","quantity":3,"price":3317,"total":9951}]','{"name":"Eesa 
Rashid","phone":"+92-91-1301867","address":"436 North Nazimabad Road, 
Karachi, 45514, Pakistan","city":"Karachi","postalCode":"00000"}','paid','
Card','2025-08-09 13:28:34.480 +00:00','2025-08-09 13:28:34.480 +00:00'),(
'6e81834b-a354-4983-b605-48b732380e1b','5dc5e6ec-be71-4252-8887-b4a97a724e
85','41efd9ce-bc42-4c23-ab4f-0b8b367ad3d7','DM-20250821-000002','Demo 
Product 4 1','Tariq Ahmed','tariq.ahmed498@gmail.com','+92-41-7520008',5,'
Refunded',true,19160,'','97974244-3b64-4b3f-ace0-6d0917ab57c3','[{"id":"9e
52415c-8765-4f87-8750-020a1531c4bd","description":"Order 
created","timestamp":"2025-08-21T19:50:51.583Z","actor":"Tariq Ahmed"},{"i
d":"f354e43d-106e-41c8-b3c8-44e52b3e6f11","description":"Payment 
received","timestamp":"2025-08-22T19:50:51.583Z","actor":"Store 
Admin"}]','[{"productName":"Demo Product 4 
1","quantity":5,"price":3832,"total":19160}]','{"name":"Tariq 
Ahmed","phone":"+92-41-7520008","address":"413 Korangi Main Boulevard, 
Karachi, 89880, Pakistan","city":"Karachi","postalCode":"00000"}','paid','
Card','2025-08-21 19:50:51.583 +00:00','2025-08-21 19:50:51.583 +00:00'),(
'c9c2d812-b005-4843-9ff3-abe2a494f0ff','5dc5e6ec-be71-4252-8887-b4a97a724e
85','8177559c-6ccd-49f0-a1ef-e6abe047e017','DM-20250925-000003','Demo 
Product 5 3','Haris Umar','haris.umar776@gmail.com','+92-81-3031740',5,'Pa
id',true,29715,'','97974244-3b64-4b3f-ace0-6d0917ab57c3','[{"id":"2cf5514a
-89a3-4bc1-8fe3-6719033a40a8","description":"Order 
created","timestamp":"2025-09-25T02:38:55.858Z","actor":"Haris Umar"},{"id
":"255eb618-b1c7-41b4-83ca-b16dc912b93f","description":"Payment 
received","timestamp":"2025-09-25T02:38:55.858Z","actor":"Store 
Admin"}]','[{"productName":"Demo Product 5 
3","quantity":5,"price":5943,"total":29715}]','{"name":"Haris 
Umar","phone":"+92-81-3031740","address":"495 North Nazimabad Avenue, 
Karachi, 37009, Pakistan","city":"Karachi","postalCode":"00000"}','paid','
Card','2025-09-25 02:38:55.858 +00:00','2025-09-25 02:38:55.858 +00:00'),(
'24cdfd4a-b083-4861-aadb-75259ab789e9','5dc5e6ec-be71-4252-8887-b4a97a724e
85','99041cbb-416e-4d8d-9dcc-37dfd05f1cc8','DM-20250828-000004','Demo 
Product 4 5','Noor Hashmi','noor.hashmi456@gmail.com','+92-91-8248111',5,'
Cancelled',false,18160,'','97974244-3b64-4b3f-ace0-6d0917ab57c3','[{"id":"
33fa5253-926b-4799-aec9-ccb7db9f1275","description":"Order 
created","timestamp":"2025-08-28T12:23:42.469Z","actor":"Noor Hashmi"},{"i
d":"4e5635ab-847b-463c-b5ed-4f229b76a776","description":"Payment 
received","timestamp":"2025-08-28T12:23:42.469Z","actor":"Store 
Admin"}]','[{"productName":"Demo Product 4 
5","quantity":5,"price":3632,"total":18160}]','{"name":"Noor 
Hashmi","phone":"+92-91-8248111","address":"301 Korangi Avenue, Karachi, 
89477, Pakistan","city":"Karachi","postalCode":"00000"}','refunded','Card'
,'2025-08-28 12:23:42.469 +00:00','2025-08-28 12:23:42.469 +00:00'),('e134
8528-ec8b-4c84-993c-3546d721acfa','5dc5e6ec-be71-4252-8887-b4a97a724e85','
2a16da12-6712-4785-a64e-d9c6972e60c0','DM-20250924-000005','Demo Product 
5 2','Noor Naqvi','noor.naqvi246@gmail.com','+92-61-7413341',3,'Refunded',
true,17295,'','97974244-3b64-4b3f-ace0-6d0917ab57c3','[{"id":"4b3c844f-1d2
8-4b31-9c7e-629d826b66fb","description":"Order 
created","timestamp":"2025-09-24T04:46:03.792Z","actor":"Noor Naqvi"},{"id
":"ac17b848-82ff-49a1-ab03-8d5ea3b6b51b","description":"Payment 
received","timestamp":"2025-09-25T04:46:03.792Z","actor":"Store 
Admin"}]','[{"productName":"Demo Product 5 
2","quantity":3,"price":5765,"total":17295}]','{"name":"Noor 
Naqvi","phone":"+92-61-7413341","address":"349 PECHS Main Boulevard, 
Karachi, 89523, Pakistan","city":"Karachi","postalCode":"00000"}','paid','
Card','2025-09-24 04:46:03.792 +00:00','2025-09-24 04:46:03.792 +00:00'),(
'11d59698-0911-41a8-944e-c580fc059fb2','5dc5e6ec-be71-4252-8887-b4a97a724e
85','3523c2da-a464-4e9a-a146-cb3c880483b2','DM-20251214-000006','Demo 
Product 1 6','Ayesha Zaidi','ayesha.zaidi898@gmail.com','+92-61-3517059',4
,'Refunded',true,9532,'','97974244-3b64-4b3f-ace0-6d0917ab57c3','[{"id":"7
05c5761-008b-412c-a106-ba0e4ac4f7b2","description":"Order 
created","timestamp":"2025-12-14T14:18:11.944Z","actor":"Ayesha Zaidi"},{"
id":"e4783cb9-0ff4-44f3-8a4a-e97bbd4f964c","description":"Payment 
received","timestamp":"2025-12-14T14:18:11.944Z","actor":"Store 
Admin"}]','[{"productName":"Demo Product 1 
6","quantity":4,"price":2383,"total":9532}]','{"name":"Ayesha 
Zaidi","phone":"+92-61-3517059","address":"415 Gulshan-e-Iqbal Block, 
Karachi, 21632, Pakistan","city":"Karachi","postalCode":"00000"}','paid','
Card','2025-12-14 14:18:11.944 +00:00','2025-12-14 14:18:11.944 +00:00'),(
'df7eedc0-ee57-4885-bf19-aa0d4622a150','5dc5e6ec-be71-4252-8887-b4a97a724e
85','4e6b3c13-ed51-4718-88af-a6ba8c7d222f','DM-20251009-000007','Demo 
Product 1 7','Fahad Shah','fahad.shah525@gmail.com','+92-21-4718866',4,'Pe
nding',false,10800,'','97974244-3b64-4b3f-ace0-6d0917ab57c3','[{"id":"ea3d
b5da-44e0-4b03-b3c1-3e8cbf5cf2d8","description":"Order 
created","timestamp":"2025-10-09T13:44:31.788Z","actor":"Fahad 
Shah"}]','[{"productName":"Demo Product 1 
7","quantity":4,"price":2700,"total":10800}]','{"name":"Fahad 
Shah","phone":"+92-21-4718866","address":"938 Malir Avenue, Karachi, 
36859, Pakistan","city":"Karachi","postalCode":"00000"}','pending','Card',
'2025-10-09 13:44:31.788 +00:00','2025-10-09 13:44:31.788 +00:00'),('4d002
8e1-6b2f-4dd1-a5b8-f9eda7b27b19','5dc5e6ec-be71-4252-8887-b4a97a724e85','2
c1ac9b8-0113-475e-8d2f-5759b7ad36eb','DM-20251204-000008','Demo Product 5 
4','Zara Ansari','zara.ansari76@gmail.com','+92-52-7466271',3,'Accepted',t
rue,17556,'','97974244-3b64-4b3f-ace0-6d0917ab57c3','[{"id":"28b50e62-3ba9
-4883-9ac5-8b0cceb36104","description":"Order 
created","timestamp":"2025-12-04T09:22:57.377Z","actor":"Zara Ansari"},{"i
d":"a4959bc6-f8ae-4601-a372-59d1dde3f4c1","description":"Payment 
received","timestamp":"2025-12-05T09:22:57.377Z","actor":"Store 
Admin"}]','[{"productName":"Demo Product 5 
4","quantity":3,"price":5852,"total":17556}]','{"name":"Zara 
Ansari","phone":"+92-52-7466271","address":"377 North Nazimabad Main 
Boulevard, Karachi, 50638, Pakistan","city":"Karachi","postalCode":"00000"
}','paid','Card','2025-12-04 09:22:57.377 +00:00','2025-12-04 
09:22:57.377 +00:00'),('ebfb9a9e-4ec5-4f1d-8ccc-0c51c4466b67','5dc5e6ec-be
71-4252-8887-b4a97a724e85','c6c29970-0666-431d-bf90-829e0129d74c','DM-2025
0707-000009','Demo Product 2 9','Hadi Rizvi','hadi.rizvi272@gmail.com','+9
2-91-3365355',2,'Accepted',true,9312,'Customer requested special packaging
','97974244-3b64-4b3f-ace0-6d0917ab57c3','[{"id":"543fc93f-f63a-44b6-9671-
43dbbf72801e","description":"Order 
created","timestamp":"2025-07-07T06:49:49.995Z","actor":"Hadi Rizvi"},{"id
":"9c30a8c0-66e0-4a71-911a-e01600feef76","description":"Payment 
received","timestamp":"2025-07-08T06:49:49.995Z","actor":"Store 
Admin"}]','[{"productName":"Demo Product 2 
9","quantity":2,"price":4656,"total":9312}]','{"name":"Hadi 
Rizvi","phone":"+92-91-3365355","address":"138 Gulshan-e-Iqbal Avenue, 
Karachi, 30718, Pakistan","city":"Karachi","postalCode":"00000"}','paid','
Card','2025-07-07 06:49:49.995 +00:00','2025-07-07 06:49:49.995 +00:00'),(
'690b3c5f-1b56-4d1c-bb82-20f1449e8dd3','5dc5e6ec-be71-4252-8887-b4a97a724e
85','77d52c1e-2524-4cc3-be7e-5c11507878bf','DM-20250312-000010','Demo 
Product 4 7','Fahad Ansari','fahad.ansari732@gmail.com','+92-91-3733110',3
,'Paid',true,9855,'','97974244-3b64-4b3f-ace0-6d0917ab57c3','[{"id":"2f5cb
b71-8024-484e-af3a-ea3f9364b80d","description":"Order 
created","timestamp":"2025-03-12T22:19:54.058Z","actor":"Fahad Ansari"},{"
id":"9311b340-833e-4fa2-99d8-9bf05863d80f","description":"Payment 
received","timestamp":"2025-03-12T22:19:54.058Z","actor":"Store 
Admin"}]','[{"productName":"Demo Product 4 
7","quantity":3,"price":3285,"total":9855}]','{"name":"Fahad 
Ansari","phone":"+92-91-3733110","address":"303 Gulshan-e-Iqbal Block, 
Karachi, 95173, Pakistan","city":"Karachi","postalCode":"00000"}','paid','
Card','2025-03-12 22:19:54.058 +00:00','2025-03-12 22:19:54.058 +00:00'),(
'629dc581-9ea0-4bd2-8979-959fcc617a10','5dc5e6ec-be71-4252-8887-b4a97a724e
85','c9c7e100-ccae-4caa-a320-6d1047073100','DM-20251204-000011','Demo 
Product 2 8','Waseem Rizvi','waseem.rizvi141@gmail.com','+92-81-3221163',4
,'Paid',true,18528,'','97974244-3b64-4b3f-ace0-6d0917ab57c3','[{"id":"bc06
32ab-0de4-4e6c-a2e8-c67004e0046f","description":"Order 
created","timestamp":"2025-12-04T15:33:13.763Z","actor":"Waseem Rizvi"},{"
id":"83ed9240-a475-4a6f-9151-bc43ca5f056b","description":"Payment 
received","timestamp":"2025-12-04T15:33:13.763Z","actor":"Store 
Admin"}]','[{"productName":"Demo Product 2 
8","quantity":4,"price":4632,"total":18528}]','{"name":"Waseem 
Rizvi","phone":"+92-81-3221163","address":"436 Clifton Lane, Karachi, 
50453, Pakistan","city":"Karachi","postalCode":"00000"}','paid','Card','20
25-12-04 15:33:13.763 +00:00','2025-12-04 15:33:13.763 +00:00'),('334b406d
-281b-48fd-a42b-99adaa737a53','5dc5e6ec-be71-4252-8887-b4a97a724e85','ef4f
c6b6-0d21-44b7-8378-1f899310e9ca','DM-20250805-000012','Demo Product 5 
8','Yusuf Waseem','yusuf.waseem482@gmail.com','+92-81-7185385',4,'Shipped'
,true,20292,`... 37250 more characters,
  parameters: {}
}
